I'm sorry, but errors were detected in your script. Please correct the
errors listed below, and try again.


The label roomdownscreen3 is defined twice, at
  File "game/script.rpy", line 1451 and
  File "game/script.rpy", line 1892.

The label roomup3 is defined twice, at
  File "game/script.rpy", line 1455 and
  File "game/script.rpy", line 1900.

Ren'Py Version: Ren'Py 7.3.5.606
Fri Apr 17 18:01:49 2020
